Archive member included to satisfy reference by file (symbol)

e:/ahl-gec-ide(4.36)/gcc/bin/../lib/gcc/arm-none-eabi/7.2.1/../../../../arm-none-eabi/lib/thumb/v7e-m/fpv4-sp/hard\libc_nano.a(lib_a-exit.o)
                              e:/ahl-gec-ide(4.36)/gcc/bin/../lib/gcc/arm-none-eabi/7.2.1/../../../../arm-none-eabi/lib/thumb/v7e-m/fpv4-sp/hard/crt0.o (exit)
e:/ahl-gec-ide(4.36)/gcc/bin/../lib/gcc/arm-none-eabi/7.2.1/../../../../arm-none-eabi/lib/thumb/v7e-m/fpv4-sp/hard\libc_nano.a(lib_a-impure.o)
                              e:/ahl-gec-ide(4.36)/gcc/bin/../lib/gcc/arm-none-eabi/7.2.1/../../../../arm-none-eabi/lib/thumb/v7e-m/fpv4-sp/hard\libc_nano.a(lib_a-exit.o) (_global_impure_ptr)
e:/ahl-gec-ide(4.36)/gcc/bin/../lib/gcc/arm-none-eabi/7.2.1/../../../../arm-none-eabi/lib/thumb/v7e-m/fpv4-sp/hard\libc_nano.a(lib_a-init.o)
                              e:/ahl-gec-ide(4.36)/gcc/bin/../lib/gcc/arm-none-eabi/7.2.1/../../../../arm-none-eabi/lib/thumb/v7e-m/fpv4-sp/hard/crt0.o (__libc_init_array)
e:/ahl-gec-ide(4.36)/gcc/bin/../lib/gcc/arm-none-eabi/7.2.1/../../../../arm-none-eabi/lib/thumb/v7e-m/fpv4-sp/hard\libc_nano.a(lib_a-memcpy-stub.o)
                              ./obj/flash.o (memcpy)
e:/ahl-gec-ide(4.36)/gcc/bin/../lib/gcc/arm-none-eabi/7.2.1/../../../../arm-none-eabi/lib/thumb/v7e-m/fpv4-sp/hard\libc_nano.a(lib_a-memset.o)
                              e:/ahl-gec-ide(4.36)/gcc/bin/../lib/gcc/arm-none-eabi/7.2.1/../../../../arm-none-eabi/lib/thumb/v7e-m/fpv4-sp/hard/crt0.o (memset)
e:/ahl-gec-ide(4.36)/gcc/bin/../lib/gcc/arm-none-eabi/7.2.1/../../../../arm-none-eabi/lib/thumb/v7e-m/fpv4-sp/hard\libc_nano.a(lib_a-strcat.o)
                              ./obj/uart.o (strcat)
e:/ahl-gec-ide(4.36)/gcc/bin/../lib/gcc/arm-none-eabi/7.2.1/../../../../arm-none-eabi/lib/thumb/v7e-m/fpv4-sp/hard\libc_nano.a(lib_a-strcmp.o)
                              ./obj/emuart.o (strcmp)
e:/ahl-gec-ide(4.36)/gcc/bin/../lib/gcc/arm-none-eabi/7.2.1/../../../../arm-none-eabi/lib/thumb/v7e-m/fpv4-sp/hard\libc_nano.a(lib_a-strlen.o)
                              ./obj/printf.o (strlen)
e:/ahl-gec-ide(4.36)/gcc/bin/../lib/gcc/arm-none-eabi/7.2.1/../../../../arm-none-eabi/lib/thumb/v7e-m/fpv4-sp/hard\libc_nano.a(lib_a-strncmp.o)
                              ./obj/gec.o (strncmp)
e:/ahl-gec-ide(4.36)/gcc/bin/../lib/gcc/arm-none-eabi/7.2.1/thumb/v7e-m/fpv4-sp/hard\libgcc.a(_arm_addsubdf3.o)
                              ./obj/printf.o (__aeabi_dsub)
e:/ahl-gec-ide(4.36)/gcc/bin/../lib/gcc/arm-none-eabi/7.2.1/thumb/v7e-m/fpv4-sp/hard\libgcc.a(_arm_muldivdf3.o)
                              ./obj/printf.o (__aeabi_dmul)
e:/ahl-gec-ide(4.36)/gcc/bin/../lib/gcc/arm-none-eabi/7.2.1/thumb/v7e-m/fpv4-sp/hard\libgcc.a(_arm_cmpdf2.o)
                              ./obj/printf.o (__aeabi_dcmpeq)
e:/ahl-gec-ide(4.36)/gcc/bin/../lib/gcc/arm-none-eabi/7.2.1/thumb/v7e-m/fpv4-sp/hard\libgcc.a(_arm_fixunsdfsi.o)
                              ./obj/printf.o (__aeabi_d2uiz)
e:/ahl-gec-ide(4.36)/gcc/bin/../lib/gcc/arm-none-eabi/7.2.1/thumb/v7e-m/fpv4-sp/hard\libgcc.a(_aeabi_uldivmod.o)
                              ./obj/printf.o (__aeabi_uldivmod)
e:/ahl-gec-ide(4.36)/gcc/bin/../lib/gcc/arm-none-eabi/7.2.1/thumb/v7e-m/fpv4-sp/hard\libgcc.a(_fixunsdfdi.o)
                              ./obj/printf.o (__aeabi_d2ulz)
e:/ahl-gec-ide(4.36)/gcc/bin/../lib/gcc/arm-none-eabi/7.2.1/thumb/v7e-m/fpv4-sp/hard\libgcc.a(_udivmoddi4.o)
                              e:/ahl-gec-ide(4.36)/gcc/bin/../lib/gcc/arm-none-eabi/7.2.1/thumb/v7e-m/fpv4-sp/hard\libgcc.a(_aeabi_uldivmod.o) (__udivmoddi4)
e:/ahl-gec-ide(4.36)/gcc/bin/../lib/gcc/arm-none-eabi/7.2.1/thumb/v7e-m/fpv4-sp/hard\libgcc.a(_dvmd_tls.o)
                              e:/ahl-gec-ide(4.36)/gcc/bin/../lib/gcc/arm-none-eabi/7.2.1/thumb/v7e-m/fpv4-sp/hard\libgcc.a(_aeabi_uldivmod.o) (__aeabi_ldiv0)
e:/ahl-gec-ide(4.36)/gcc/bin/../lib/gcc/arm-none-eabi/7.2.1/../../../../arm-none-eabi/lib/thumb/v7e-m/fpv4-sp/hard\libnosys.a(_exit.o)
                              e:/ahl-gec-ide(4.36)/gcc/bin/../lib/gcc/arm-none-eabi/7.2.1/../../../../arm-none-eabi/lib/thumb/v7e-m/fpv4-sp/hard\libc_nano.a(lib_a-exit.o) (_exit)

Allocating common symbols
Common symbol       size              file

SP                  0x4               ./obj/main.o
rt_interrupt_to_thread
                    0x4               ./obj/cpuport.o
rt_interrupt_from_thread
                    0x4               ./obj/cpuport.o
thd_mutexGreen      0x4               ./obj/main.o
thd_delayBlue       0x4               ./obj/main.o
rt_thread_switch_interrupt_flag
                    0x4               ./obj/cpuport.o
thd_SPThread1       0x4               ./obj/main.o
thd_delayRed        0x4               ./obj/main.o
thd_eventGreen      0x4               ./obj/main.o
rt_thread_priority_table
                    0x100             ./obj/scheduler.o
thd_mutexRed        0x4               ./obj/main.o
mutex               0x4               ./obj/main.o
[...]
Memory Configuration

Name             Origin             Length             Attributes
INTVEC           0x0800d000         0x00000800         xr
FLASH            0x0800d800         0x00032000         xr
RAM              0x20004000         0x0000c000         xrw
*default*        0x00000000         0xffffffff

Linker script and memory map

LOAD e:/ahl-gec-ide(4.36)/gcc/bin/../lib/gcc/arm-none-eabi/7.2.1/thumb/v7e-m/fpv4-sp/hard/crti.o
LOAD e:/ahl-gec-ide(4.36)/gcc/bin/../lib/gcc/arm-none-eabi/7.2.1/thumb/v7e-m/fpv4-sp/hard/crtbegin.o
LOAD e:/ahl-gec-ide(4.36)/gcc/bin/../lib/gcc/arm-none-eabi/7.2.1/../../../../arm-none-eabi/lib/thumb/v7e-m/fpv4-sp/hard/crt0.o
LOAD ./obj/components.o
LOAD ./obj/emuart.o
LOAD ./obj/thread_eventGreen.o
LOAD ./obj/cpuport.o
LOAD ./obj/printf.o
LOAD ./obj/thread.o
LOAD ./obj/timer.o
LOAD ./obj/memheap.o
LOAD ./obj/system_stm32l4xx.o
LOAD ./obj/thread_SPThread2.o
LOAD ./obj/cmd.o
LOAD ./obj/object.o
LOAD ./obj/main.o
LOAD ./obj/slab.o
LOAD ./obj/OsFunc.o
LOAD ./obj/thread_SPThread3.o
LOAD ./obj/flash.o
LOAD ./obj/cpu.o
LOAD ./obj/gpio.o
LOAD ./obj/msh.o
LOAD ./obj/ipc.o
LOAD ./obj/thread_eventBlue.o
LOAD ./obj/kservice.o
LOAD ./obj/thread_delayRed.o
LOAD ./obj/clock.o
LOAD ./obj/scheduler.o
LOAD ./obj/thread_delayGreen.o
LOAD ./obj/shell.o
LOAD ./obj/board.o
LOAD ./obj/NumToStr.o
LOAD ./obj/thread_delayBlue.o
LOAD ./obj/thread_SPThread1.o
LOAD ./obj/gec.o
LOAD ./obj/mempool.o
LOAD ./obj/uart.o
LOAD ./obj/idle.o
LOAD ./obj/threadauto_appinit.o
LOAD ./obj/isr.o
LOAD ./obj/thread_mutexRed.o
LOAD ./obj/thread_messagerecv.o
LOAD ./obj/mem.o
LOAD ./obj/irq.o
LOAD ./obj/thread_mutexGreen.o
LOAD ./obj/thread_rulechoose.o
LOAD ./obj/thread_mutexBlue.o
LOAD ./obj/startup_stm32l431rctx.o
LOAD ./obj/context_gcc.o
START GROUP
LOAD e:/ahl-gec-ide(4.36)/gcc/bin/../lib/gcc/arm-none-eabi/7.2.1/../../../../arm-none-eabi/lib/thumb/v7e-m/fpv4-sp/hard\libstdc++_nano.a
LOAD e:/ahl-gec-ide(4.36)/gcc/bin/../lib/gcc/arm-none-eabi/7.2.1/../../../../arm-none-eabi/lib/thumb/v7e-m/fpv4-sp/hard\libsupc++_nano.a
END GROUP
LOAD e:/ahl-gec-ide(4.36)/gcc/bin/../lib/gcc/arm-none-eabi/7.2.1/../../../../arm-none-eabi/lib/thumb/v7e-m/fpv4-sp/hard\libstdc++_nano.a
LOAD e:/ahl-gec-ide(4.36)/gcc/bin/../lib/gcc/arm-none-eabi/7.2.1/../../../../arm-none-eabi/lib/thumb/v7e-m/fpv4-sp/hard\libm.a
LOAD e:/ahl-gec-ide(4.36)/gcc/bin/../lib/gcc/arm-none-eabi/7.2.1/../../../../arm-none-eabi/lib/thumb/v7e-m/fpv4-sp/hard\libc_nano.a
START GROUP
LOAD e:/ahl-gec-ide(4.36)/gcc/bin/../lib/gcc/arm-none-eabi/7.2.1/thumb/v7e-m/fpv4-sp/hard\libgcc.a
LOAD e:/ahl-gec-ide(4.36)/gcc/bin/../lib/gcc/arm-none-eabi/7.2.1/../../../../arm-none-eabi/lib/thumb/v7e-m/fpv4-sp/hard\libc_nano.a
END GROUP
START GROUP
LOAD e:/ahl-gec-ide(4.36)/gcc/bin/../lib/gcc/arm-none-eabi/7.2.1/thumb/v7e-m/fpv4-sp/hard\libgcc.a
LOAD e:/ahl-gec-ide(4.36)/gcc/bin/../lib/gcc/arm-none-eabi/7.2.1/../../../../arm-none-eabi/lib/thumb/v7e-m/fpv4-sp/hard\libc_nano.a
LOAD e:/ahl-gec-ide(4.36)/gcc/bin/../lib/gcc/arm-none-eabi/7.2.1/../../../../arm-none-eabi/lib/thumb/v7e-m/fpv4-sp/hard\libnosys.a
END GROUP
START GROUP
LOAD e:/ahl-gec-ide(4.36)/gcc/bin/../lib/gcc/arm-none-eabi/7.2.1/thumb/v7e-m/fpv4-sp/hard\libgcc.a
LOAD e:/ahl-gec-ide(4.36)/gcc/bin/../lib/gcc/arm-none-eabi/7.2.1/../../../../arm-none-eabi/lib/thumb/v7e-m/fpv4-sp/hard\libc_nano.a
LOAD e:/ahl-gec-ide(4.36)/gcc/bin/../lib/gcc/arm-none-eabi/7.2.1/../../../../arm-none-eabi/lib/thumb/v7e-m/fpv4-sp/hard\libnosys.a
END GROUP
LOAD e:/ahl-gec-ide(4.36)/gcc/bin/../lib/gcc/arm-none-eabi/7.2.1/thumb/v7e-m/fpv4-sp/hard/crtend.o
LOAD e:/ahl-gec-ide(4.36)/gcc/bin/../lib/gcc/arm-none-eabi/7.2.1/thumb/v7e-m/fpv4-sp/hard/crtn.o
                0x00000800                MCU_SECTORSIZE = 0x800
                0x08000000                MCU_FLASH_ADDR_START = 0x8000000
                0x0000001a                GEC_USER_SECTOR_START = 0x1a
                0x0000007e                GEC_USER_SECTOR_END = 0x7e
                0x20004000                GEC_USER_RAM_START = 0x20004000
                0x2000ffff                GEC_USER_RAM_END = 0x2000ffff
                0x2000ffff                _estack = 0x2000ffff
                0x00000200                _Min_Heap_Size = 0x200
                0x00000400                _Min_Stack_Size = 0x400

.isr_vector     0x0800d000      0x190
                0x0800d000                . = ALIGN (0x8)
 *(.isr_vector)
 .isr_vector    0x0800d000      0x18c ./obj/startup_stm32l431rctx.o
                0x0800d000                g_pfnVectors
                0x0800d190                . = ALIGN (0x8)
 *fill*         0x0800d18c        0x4 

.text           0x0800d800     0x4ad8
                0x0800d800                . = ALIGN (0x8)
 *(.text)
 .text          0x0800d800       0x40 e:/ahl-gec-ide(4.36)/gcc/bin/../lib/gcc/arm-none-eabi/7.2.1/thumb/v7e-m/fpv4-sp/hard/crtbegin.o
 .text          0x0800d840      0x138 ./obj/context_gcc.o
                0x0800d840                rt_hw_interrupt_disable
                0x0800d848                rt_hw_interrupt_enable
                0x0800d84e                rt_hw_context_switch_interrupt
                0x0800d84e                rt_hw_context_switch
                0x0800d86e                PendSV_Handler
                0x0800d8da                rt_hw_context_switch_to
                0x0800d922                rt_hw_interrupt_thread_switch
                0x0800d926                HardFault_Handler
 .text          0x0800d978       0x10 e:/ahl-gec-ide(4.36)/gcc/bin/../lib/gcc/arm-none-eabi/7.2.1/../../../../arm-none-eabi/lib/thumb/v7e-m/fpv4-sp/hard\libc_nano.a(lib_a-strlen.o)
                0x0800d978                strlen
 .text          0x0800d988      0x378 e:/ahl-gec-ide(4.36)/gcc/bin/../lib/gcc/arm-none-eabi/7.2.1/thumb/v7e-m/fpv4-sp/hard\libgcc.a(_arm_addsubdf3.o)
                0x0800d988                __aeabi_drsub
                0x0800d990                __aeabi_dsub
                0x0800d990                __subdf3
                0x0800d994                __aeabi_dadd
                0x0800d994                __adddf3
                0x0800dc0c                __floatunsidf
                0x0800dc0c                __aeabi_ui2d
                0x0800dc2c                __floatsidf
                0x0800dc2c                __aeabi_i2d
                0x0800dc50                __aeabi_f2d
                0x0800dc50                __extendsfdf2
                0x0800dc94                __floatundidf
                0x0800dc94                __aeabi_ul2d
                0x0800dca4                __floatdidf
                0x0800dca4                __aeabi_l2d
 .text          0x0800dd00      0x424 e:/ahl-gec-ide(4.36)/gcc/bin/../lib/gcc/arm-none-eabi/7.2.1/thumb/v7e-m/fpv4-sp/hard\libgcc.a(_arm_muldivdf3.o)
                0x0800dd00                __aeabi_dmul
                0x0800dd00                __muldf3
                0x0800df54                __divdf3
                0x0800df54                __aeabi_ddiv
 .text          0x0800e124      0x110 e:/ahl-gec-ide(4.36)/gcc/bin/../lib/gcc/arm-none-eabi/7.2.1/thumb/v7e-m/fpv4-sp/hard\libgcc.a(_arm_cmpdf2.o)
                0x0800e124                __gtdf2
                0x0800e124                __gedf2
                0x0800e12c                __ltdf2
                0x0800e12c                __ledf2
                0x0800e134                __nedf2
                0x0800e134                __eqdf2
                0x0800e134                __cmpdf2
                0x0800e1b0                __aeabi_cdrcmple
                0x0800e1c0                __aeabi_cdcmpeq
                0x0800e1c0                __aeabi_cdcmple
                0x0800e1d0                __aeabi_dcmpeq
                0x0800e1e4                __aeabi_dcmplt
                0x0800e1f8                __aeabi_dcmple
                0x0800e20c                __aeabi_dcmpge
                0x0800e220                __aeabi_dcmpgt
 .text          0x0800e234       0x40 e:/ahl-gec-ide(4.36)/gcc/bin/../lib/gcc/arm-none-eabi/7.2.1/thumb/v7e-m/fpv4-sp/hard\libgcc.a(_arm_fixunsdfsi.o)
                0x0800e234                __aeabi_d2uiz
                0x0800e234                __fixunsdfsi
 .text          0x0800e274       0x30 e:/ahl-gec-ide(4.36)/gcc/bin/../lib/gcc/arm-none-eabi/7.2.1/thumb/v7e-m/fpv4-sp/hard\libgcc.a(_aeabi_uldivmod.o)
                0x0800e274                __aeabi_uldivmod
 .text          0x0800e2a4       0x44 e:/ahl-gec-ide(4.36)/gcc/bin/../lib/gcc/arm-none-eabi/7.2.1/thumb/v7e-m/fpv4-sp/hard\libgcc.a(_fixunsdfdi.o)
                0x0800e2a4                __fixunsdfdi
                0x0800e2a4                __aeabi_d2ulz
 .text          0x0800e2e8      0x2cc e:/ahl-gec-ide(4.36)/gcc/bin/../lib/gcc/arm-none-eabi/7.2.1/thumb/v7e-m/fpv4-sp/hard\libgcc.a(_udivmoddi4.o)
                0x0800e2e8                __udivmoddi4
 .text          0x0800e5b4        0x4 e:/ahl-gec-ide(4.36)/gcc/bin/../lib/gcc/arm-none-eabi/7.2.1/thumb/v7e-m/fpv4-sp/hard\libgcc.a(_dvmd_tls.o)
                0x0800e5b4                __aeabi_idiv0
                0x0800e5b4                __aeabi_ldiv0
 *(.text*)
 .text.rti_board_start
                0x0800e5b8        0x4 ./obj/components.o
 .text.rti_board_end
                0x0800e5bc        0x4 ./obj/components.o
 .text.rt_components_board_init
                0x0800e5c0       0x1c ./obj/components.o
                0x0800e5c0                rt_components_board_init
 .text.thread_eventGreen
                0x0800e5dc       0x64 ./obj/thread_eventGreen.o
                0x0800e5dc                thread_eventGreen
 .text.rt_hw_stack_init
                0x0800e640       0x50 ./obj/cpuport.o
                0x0800e640                rt_hw_stack_init
 .text.rt_hw_hard_fault_exception
                0x0800e690      0x114 ./obj/cpuport.o
                0x0800e690                rt_hw_hard_fault_exception
 .text.printk_putc
                0x0800e7a4       0x2a ./obj/printf.o
 .text.printk_mknumstr
                0x0800e7ce       0x68 ./obj/printf.o
 .text.printk_pad_zero
                0x0800e836       0x1e ./obj/printf.o
 .text.printk_pad_space
                0x0800e854       0x1e ./obj/printf.o
 .text.out_char
                0x0800e872        0xc ./obj/printf.o
                0x0800e872                out_char
 .text.out_char2
                0x0800e87e        0xc ./obj/printf.o
                0x0800e87e                out_char2
 *fill*         0x0800e88a        0x6 
 .text.printk_mkfloatstr
                0x0800e890      0x1c4 ./obj/printf.o
                0x0800e890                printk_mkfloatstr
 .text.printk   0x0800ea54      0x5b4 ./obj/printf.o
                0x0800ea54                printk
 .text.myprintf
                0x0800f008       0x28 ./obj/printf.o
                0x0800f008                myprintf
 .text.userprintf
                0x0800f030       0x28 ./obj/printf.o
                0x0800f030                userprintf
 .text.rt_thread_exit
                0x0800f058       0x5c ./obj/thread.o
                0x0800f058                rt_thread_exit
 .text._rt_thread_init
                0x0800f0b4       0x78 ./obj/thread.o
 .text.rt_thread_timeout
                0x0800f12c       0x26 ./obj/thread.o
                0x0800f12c                rt_thread_timeout
 .text.rt_thread_init
                0x0800f152       0x36 ./obj/thread.o
                0x0800f152                rt_thread_init
 .text.rt_thread_self
                0x0800f188        0xc ./obj/thread.o
                0x0800f188                rt_thread_self
 .text.rt_thread_detach
                0x0800f194       0x58 ./obj/thread.o
                0x0800f194                rt_thread_detach
 .text.rt_thread_create
                0x0800f1ec       0x52 ./obj/thread.o
                0x0800f1ec                rt_thread_create
 *fill*         0x0800f23e        0x2 
 .text.rt_thread_delete
                0x0800f240       0x44 ./obj/thread.o
                0x0800f240                rt_thread_delete
 .text.rt_thread_yield
                0x0800f284       0x60 ./obj/thread.o
                0x0800f284                rt_thread_yield
 .text.rt_thread_suspend
                0x0800f2e4       0x44 ./obj/thread.o
                0x0800f2e4                rt_thread_suspend
 .text.rt_thread_sleep
                0x0800f328       0x50 ./obj/thread.o
                0x0800f328                rt_thread_sleep
 .text.rt_thread_delay
                0x0800f378        0x8 ./obj/thread.o
                0x0800f378                rt_thread_delay
 .text.rt_thread_resume
                0x0800f380       0x48 ./obj/thread.o
                0x0800f380                rt_thread_resume
 .text.rt_thread_startup
                0x0800f3c8       0x28 ./obj/thread.o
                0x0800f3c8                rt_thread_startup
 .text.rt_thread_control
                0x0800f3f0       0x62 ./obj/thread.o
                0x0800f3f0                rt_thread_control
 .text._rt_timer_init
                0x0800f452       0x32 ./obj/timer.o
 .text.rt_timer_init
                0x0800f484       0x28 ./obj/timer.o
                0x0800f484                rt_timer_init
 .text.rt_timer_detach
                0x0800f4ac       0x38 ./obj/timer.o
                0x0800f4ac                rt_timer_detach
 .text.rt_timer_start
                0x0800f4e4       0xc0 ./obj/timer.o
                0x0800f4e4                rt_timer_start
 .text.rt_timer_stop
                0x0800f5a4       0x48 ./obj/timer.o
                0x0800f5a4                rt_timer_stop
 .text.rt_timer_control
                0x0800f5ec       0x2e ./obj/timer.o
                0x0800f5ec                rt_timer_control
 *fill*         0x0800f61a        0x2 
 .text.rt_timer_check
                0x0800f61c       0x9c ./obj/timer.o
                0x0800f61c                rt_timer_check
 .text.rt_system_timer_init
                0x0800f6b8       0x1c ./obj/timer.o
                0x0800f6b8                rt_system_timer_init
 .text.SystemCoreClockUpdate
                0x0800f6d4       0xd8 ./obj/system_stm32l4xx.o
                0x0800f6d4                SystemCoreClockUpdate
 .text.SysClock_Config
                0x0800f7ac       0x9c ./obj/system_stm32l4xx.o
                0x0800f7ac                SysClock_Config
 .text.SystemInit
                0x0800f848       0x50 ./obj/system_stm32l4xx.o
                0x0800f848                SystemInit
 .text.thread_SPThread2
                0x0800f898       0x80 ./obj/thread_SPThread2.o
                0x0800f898                thread_SPThread2
 .text.rt_object_get_information
                0x0800f918       0x24 ./obj/object.o
                0x0800f918                rt_object_get_information
 .text.rt_object_init
                0x0800f93c       0x44 ./obj/object.o
                0x0800f93c                rt_object_init
 .text.rt_object_detach
                0x0800f980       0x26 ./obj/object.o
                0x0800f980                rt_object_detach
 .text.rt_object_allocate
                0x0800f9a6       0x50 ./obj/object.o
                0x0800f9a6                rt_object_allocate
 .text.rt_object_delete
                0x0800f9f6       0x2c ./obj/object.o
                0x0800f9f6                rt_object_delete
 .text.rt_object_is_systemobject
                0x0800fa22       0x10 ./obj/object.o
                0x0800fa22                rt_object_is_systemobject
 *fill*         0x0800fa32        0x2 
 .text.main     0x0800fa34       0x10 ./obj/main.o
                0x0800fa34                main
 .text.rt_application_init
                0x0800fa44       0x28 ./obj/OsFunc.o
                0x0800fa44                rt_application_init
 .text.rtthread_startup
                0x0800fa6c       0x26 ./obj/OsFunc.o
                0x0800fa6c                rtthread_startup
 .text.OS_start
                0x0800fa92        0x8 ./obj/OsFunc.o
                0x0800fa92                OS_start
 *fill*         0x0800fa9a        0x2 
 .text.thread_SPThread3
                0x0800fa9c       0xac ./obj/thread_SPThread3.o
                0x0800fa9c                thread_SPThread3
 .text.flash_erase
                0x0800fb48       0x58 ./obj/flash.o
                0x0800fb48                flash_erase
 .text.flash_read_logic
                0x0800fba0       0x12 ./obj/flash.o
                0x0800fba0                flash_read_logic
 .text.flash_read_physical
                0x0800fbb2        0x8 ./obj/flash.o
                0x0800fbb2                flash_read_physical
 .text.flash_isempty
                0x0800fbba       0x3e ./obj/flash.o
                0x0800fbba                flash_isempty
 .text.flash_write_DoubleWord
                0x0800fbf8       0x38 ./obj/flash.o
                0x0800fbf8                flash_write_DoubleWord
 .text.flash_Best
                0x0800fc30       0x6c ./obj/flash.o
                0x0800fc30                flash_Best
 .text.flash_write
                0x0800fc9c       0x9c ./obj/flash.o
                0x0800fc9c                flash_write
 .text.flash_write_physical
                0x0800fd38       0x2c ./obj/flash.o
                0x0800fd38                flash_write_physical
 .text.gpio_get_port_pin
                0x0800fd64        0x8 ./obj/gpio.o
                0x0800fd64                gpio_get_port_pin
 .text.gpio_set
                0x0800fd6c       0x4c ./obj/gpio.o
                0x0800fd6c                gpio_set
 .text.gpio_init
                0x0800fdb8       0x70 ./obj/gpio.o
                0x0800fdb8                gpio_init
 .text.gpio_reverse
                0x0800fe28       0x48 ./obj/gpio.o
                0x0800fe28                gpio_reverse
 .text.rt_sem_init
                0x0800fe70       0x20 ./obj/ipc.o
                0x0800fe70                rt_sem_init
 .text.rt_sem_create
                0x0800fe90       0x22 ./obj/ipc.o
                0x0800fe90                rt_sem_create
 .text.rt_sem_take
                0x0800feb2       0xcc ./obj/ipc.o
                0x0800feb2                rt_sem_take
 .text.rt_sem_release
                0x0800ff7e       0x38 ./obj/ipc.o
                0x0800ff7e                rt_sem_release
 .text.rt_mutex_create
                0x0800ffb6       0x2c ./obj/ipc.o
                0x0800ffb6                rt_mutex_create
 .text.rt_mutex_take
                0x0800ffe2      0x118 ./obj/ipc.o
                0x0800ffe2                rt_mutex_take
 .text.rt_mutex_release
                0x080100fa       0x92 ./obj/ipc.o
                0x080100fa                rt_mutex_release
 .text.rt_event_create
                0x0801018c       0x22 ./obj/ipc.o
                0x0801018c                rt_event_create
 .text.rt_event_send
                0x080101ae       0x98 ./obj/ipc.o
                0x080101ae                rt_event_send
 .text.rt_event_recv
                0x08010246      0x128 ./obj/ipc.o
                0x08010246                rt_event_recv
 .text.rt_mq_delete
                0x0801036e       0x3a ./obj/ipc.o
                0x0801036e                rt_mq_delete
 .text.rt_mq_create
                0x080103a8       0x72 ./obj/ipc.o
                0x080103a8                rt_mq_create
 .text.rt_mq_send
                0x0801041a       0x82 ./obj/ipc.o
                0x0801041a                rt_mq_send
 .text.rt_mq_recv
                0x0801049c      0x158 ./obj/ipc.o
                0x0801049c                rt_mq_recv
 .text.print_number
                0x080105f4      0x16c ./obj/kservice.o
 .text.rt_memset
                0x08010760       0x52 ./obj/kservice.o
                0x08010760                rt_memset
 .text.rt_memcpy
                0x080107b2       0x5e ./obj/kservice.o
                0x080107b2                rt_memcpy
 .text.rt_strncpy
                0x08010810       0x2c ./obj/kservice.o
                0x08010810                rt_strncpy
 .text.rt_strlen
                0x0801083c       0x10 ./obj/kservice.o
                0x0801083c                rt_strlen
 .text.rt_vsnprintf
                0x0801084c      0x314 ./obj/kservice.o
                0x0801084c                rt_vsnprintf
 .text.rt_vsprintf
                0x08010b60       0x10 ./obj/kservice.o
                0x08010b60                rt_vsprintf
 .text.rt_sprintf
                0x08010b70       0x1c ./obj/kservice.o
                0x08010b70                rt_sprintf
 .text.rt_hw_console_output
                0x08010b8c        0x2 ./obj/kservice.o
                0x08010b8c                rt_hw_console_output
 *fill*         0x08010b8e        0x2 
 .text.rt_kprintf
                0x08010b90       0x2c ./obj/kservice.o
                0x08010b90                rt_kprintf
 .text.__rt_ffs
                0x08010bbc       0x44 ./obj/kservice.o
                0x08010bbc                __rt_ffs
 .text.thread_delayRed
                0x08010c00       0x50 ./obj/thread_delayRed.o
                0x08010c00                thread_delayRed
 .text.rt_tick_get
                0x08010c50        0xc ./obj/clock.o
                0x08010c50                rt_tick_get
 .text.rt_tick_increase
                0x08010c5c       0x2c ./obj/clock.o
                0x08010c5c                rt_tick_increase
 .text.rt_system_scheduler_init
                0x08010c88       0x4c ./obj/scheduler.o
                0x08010c88                rt_system_scheduler_init
 .text.rt_system_scheduler_start
                0x08010cd4       0x30 ./obj/scheduler.o
                0x08010cd4                rt_system_scheduler_start
 .text.rt_schedule
                0x08010d04       0x78 ./obj/scheduler.o
                0x08010d04                rt_schedule
 .text.rt_schedule_insert_thread
                0x08010d7c       0x4c ./obj/scheduler.o
                0x08010d7c                rt_schedule_insert_thread
 .text.rt_schedule_remove_thread
                0x08010dc8       0x4c ./obj/scheduler.o
                0x08010dc8                rt_schedule_remove_thread
 .text.rt_enter_critical
                0x08010e14       0x18 ./obj/scheduler.o
                0x08010e14                rt_enter_critical
 .text.rt_exit_critical
                0x08010e2c       0x3c ./obj/scheduler.o
                0x08010e2c                rt_exit_critical
 .text.thread_delayGreen
                0x08010e68       0x50 ./obj/thread_delayGreen.o
                0x08010e68                thread_delayGreen
 .text._SysTick_Config
                0x08010eb8       0x2c ./obj/board.o
 .text.rt_heap_begin_get
                0x08010ee4        0x8 ./obj/board.o
                0x08010ee4                rt_heap_begin_get
 .text.rt_heap_end_get
                0x08010eec        0x8 ./obj/board.o
                0x08010eec                rt_heap_end_get
 .text.rt_hw_board_init
                0x08010ef4       0x38 ./obj/board.o
                0x08010ef4                rt_hw_board_init
 .text.SysTick_Handler
                0x08010f2c       0x10 ./obj/board.o
                0x08010f2c                SysTick_Handler
 .text.thread_delayBlue
                0x08010f3c       0x50 ./obj/thread_delayBlue.o
                0x08010f3c                thread_delayBlue
 .text.thread_SPThread1
                0x08010f8c       0xa4 ./obj/thread_SPThread1.o
                0x08010f8c                thread_SPThread1
 .text.Vectors_Init
                0x08011030       0x84 ./obj/gec.o
                0x08011030                Vectors_Init
 .text.uart_is_uartNo
                0x080110b4       0x10 ./obj/uart.o
                0x080110b4                uart_is_uartNo
 .text.uart_init
                0x080110c4      0x14c ./obj/uart.o
                0x080110c4                uart_init
 .text.uart_send1
                0x08011210       0x48 ./obj/uart.o
                0x08011210                uart_send1
 .text.uart_sendN
                0x08011258       0x34 ./obj/uart.o
                0x08011258                uart_sendN
 .text.uart_send_string
                0x0801128c       0x2a ./obj/uart.o
                0x0801128c                uart_send_string
 .text.useruart_send_string
                0x080112b6       0x74 ./obj/uart.o
                0x080112b6                useruart_send_string
 *fill*         0x0801132a        0x2 
 .text.uart_re1
                0x0801132c       0x50 ./obj/uart.o
                0x0801132c                uart_re1
 .text.uart_enable_re_int
                0x0801137c       0x40 ./obj/uart.o
                0x0801137c                uart_enable_re_int
 .text.uart_get_re_int
                0x080113bc       0x38 ./obj/uart.o
                0x080113bc                uart_get_re_int
 .text.rt_thread_idle_excute
                0x080113f4       0x84 ./obj/idle.o
                0x080113f4                rt_thread_idle_excute
 .text.rt_thread_idle_entry
                0x08011478        0x8 ./obj/idle.o
 .text.rt_thread_idle_init
                0x08011480       0x40 ./obj/idle.o
                0x08011480                rt_thread_idle_init
 .text.app_init
                0x080114c0      0x298 ./obj/threadauto_appinit.o
                0x080114c0                app_init
 .text.useremuart_frame
                0x08011758       0x68 ./obj/isr.o
                0x08011758                useremuart_frame
 .text.USART2_IRQHandler
                0x080117c0       0x58 ./obj/isr.o
                0x080117c0                USART2_IRQHandler
 .text.thread_mutexRed
                0x08011818       0x58 ./obj/thread_mutexRed.o
                0x08011818                thread_mutexRed
 .text.thread_messagerecv
                0x08011870       0xbc ./obj/thread_messagerecv.o
                0x08011870                thread_messagerecv
 .text.plug_holes
                0x0801192c       0x68 ./obj/mem.o
 .text.rt_system_heap_init
                0x08011994       0x80 ./obj/mem.o
                0x08011994                rt_system_heap_init
 .text.rt_malloc
                0x08011a14      0x11c ./obj/mem.o
                0x08011a14                rt_malloc
 .text.rt_free  0x08011b30       0xa8 ./obj/mem.o
                0x08011b30                rt_free
 .text.rt_interrupt_enter
                0x08011bd8       0x1c ./obj/irq.o
                0x08011bd8                rt_interrupt_enter
 .text.rt_interrupt_leave
                0x08011bf4       0x1c ./obj/irq.o
                0x08011bf4                rt_interrupt_leave
 .text.thread_mutexGreen
                0x08011c10       0x58 ./obj/thread_mutexGreen.o
                0x08011c10                thread_mutexGreen
 .text.thread_rulechoose
                0x08011c68      0x518 ./obj/thread_rulechoose.o
                0x08011c68                thread_rulechoose
 .text.thread_mutexBlue
                0x08012180       0x58 ./obj/thread_mutexBlue.o
                0x08012180                thread_mutexBlue
 .text.Reset_Handler
                0x080121d8       0x54 ./obj/startup_stm32l431rctx.o
                0x080121d8                Reset_Handler
 .text.Default_Handler
                0x0801222c        0x6 ./obj/startup_stm32l431rctx.o
                0x0801222c                RTC_Alarm_IRQHandler
                0x0801222c                EXTI2_IRQHandler
                0x0801222c                DebugMon_Handler
                0x0801222c                TIM1_CC_IRQHandler
                0x0801222c                TSC_IRQHandler
                0x0801222c                TAMP_STAMP_IRQHandler
                0x0801222c                NMI_Handler
                0x0801222c                EXTI3_IRQHandler
                0x0801222c                LPTIM2_IRQHandler
                0x0801222c                I2C3_ER_IRQHandler
                0x0801222c                EXTI0_IRQHandler
                0x0801222c                I2C2_EV_IRQHandler
                0x0801222c                CAN1_RX0_IRQHandler
                0x0801222c                FPU_IRQHandler
                0x0801222c                TIM1_UP_TIM16_IRQHandler
                0x0801222c                UsageFault_Handler
                0x0801222c                SPI1_IRQHandler
                0x0801222c                TIM6_DAC_IRQHandler
                0x0801222c                DMA2_Channel2_IRQHandler
                0x0801222c                DMA1_Channel4_IRQHandler
                0x0801222c                ADC1_IRQHandler
                0x0801222c                USART3_IRQHandler
                0x0801222c                DMA1_Channel7_IRQHandler
                0x0801222c                CAN1_RX1_IRQHandler
                0x0801222c                DMA2_Channel1_IRQHandler
                0x0801222c                QUADSPI_IRQHandler
                0x0801222c                I2C1_EV_IRQHandler
                0x0801222c                DMA1_Channel6_IRQHandler
                0x0801222c                DMA2_Channel4_IRQHandler
                0x0801222c                RCC_IRQHandler
                0x0801222c                TIM1_TRG_COM_IRQHandler
                0x0801222c                DMA1_Channel1_IRQHandler
                0x0801222c                Default_Handler
                0x0801222c                DMA2_Channel7_IRQHandler
                0x0801222c                EXTI15_10_IRQHandler
                0x0801222c                TIM7_IRQHandler
                0x0801222c                SDMMC1_IRQHandler
                0x0801222c                I2C3_EV_IRQHandler
                0x0801222c                EXTI9_5_IRQHandler
                0x0801222c                RTC_WKUP_IRQHandler
                0x0801222c                PVD_PVM_IRQHandler
                0x0801222c                SPI2_IRQHandler
                0x0801222c                MemManage_Handler
                0x0801222c                CAN1_TX_IRQHandler
                0x0801222c                SVC_Handler
                0x0801222c                DMA2_Channel5_IRQHandler
                0x0801222c                CRS_IRQHandler
                0x0801222c                DMA1_Channel5_IRQHandler
                0x0801222c                EXTI4_IRQHandler
                0x0801222c                RNG_IRQHandler
                0x0801222c                DMA1_Channel3_IRQHandler
                0x0801222c                COMP_IRQHandler
                0x0801222c                WWDG_IRQHandler
                0x0801222c                LPUART1_IRQHandler
                0x0801222c                DMA2_Channel6_IRQHandler
                0x0801222c                TIM2_IRQHandler
                0x0801222c                EXTI1_IRQHandler
                0x0801222c                I2C2_ER_IRQHandler
                0x0801222c                DMA1_Channel2_IRQHandler
                0x0801222c                CAN1_SCE_IRQHandler
                0x0801222c                FLASH_IRQHandler
                0x0801222c                BusFault_Handler
                0x0801222c                USART1_IRQHandler
                0x0801222c                SPI3_IRQHandler
                0x0801222c                I2C1_ER_IRQHandler
                0x0801222c                SWPMI1_IRQHandler
                0x0801222c                LPTIM1_IRQHandler
                0x0801222c                SAI1_IRQHandler
                0x0801222c                DMA2_Channel3_IRQHandler
                0x0801222c                TIM1_BRK_TIM15_IRQHandler
 *fill*         0x08012232        0x2 
 .text.__libc_init_array
                0x08012234       0x48 e:/ahl-gec-ide(4.36)/gcc/bin/../lib/gcc/arm-none-eabi/7.2.1/../../../../arm-none-eabi/lib/thumb/v7e-m/fpv4-sp/hard\libc_nano.a(lib_a-init.o)
                0x08012234                __libc_init_array
 .text.memcpy   0x0801227c       0x16 e:/ahl-gec-ide(4.36)/gcc/bin/../lib/gcc/arm-none-eabi/7.2.1/../../../../arm-none-eabi/lib/thumb/v7e-m/fpv4-sp/hard\libc_nano.a(lib_a-memcpy-stub.o)
                0x0801227c                memcpy
 .text.memset   0x08012292       0x10 e:/ahl-gec-ide(4.36)/gcc/bin/../lib/gcc/arm-none-eabi/7.2.1/../../../../arm-none-eabi/lib/thumb/v7e-m/fpv4-sp/hard\libc_nano.a(lib_a-memset.o)
                0x08012292                memset
 .text.strcat   0x080122a2       0x1e e:/ahl-gec-ide(4.36)/gcc/bin/../lib/gcc/arm-none-eabi/7.2.1/../../../../arm-none-eabi/lib/thumb/v7e-m/fpv4-sp/hard\libc_nano.a(lib_a-strcat.o)
                0x080122a2                strcat
 *(.glue_7)
 .glue_7        0x080122c0        0x0 linker stubs
 *(.glue_7t)
 .glue_7t       0x080122c0        0x0 linker stubs
 *(.eh_frame)
 .eh_frame      0x080122c0        0x0 e:/ahl-gec-ide(4.36)/gcc/bin/../lib/gcc/arm-none-eabi/7.2.1/thumb/v7e-m/fpv4-sp/hard/crtbegin.o
 *(.init)
 .init          0x080122c0        0x4 e:/ahl-gec-ide(4.36)/gcc/bin/../lib/gcc/arm-none-eabi/7.2.1/thumb/v7e-m/fpv4-sp/hard/crti.o
                0x080122c0                _init
 .init          0x080122c4        0x8 e:/ahl-gec-ide(4.36)/gcc/bin/../lib/gcc/arm-none-eabi/7.2.1/thumb/v7e-m/fpv4-sp/hard/crtn.o
 *(.fini)
 .fini          0x080122cc        0x4 e:/ahl-gec-ide(4.36)/gcc/bin/../lib/gcc/arm-none-eabi/7.2.1/thumb/v7e-m/fpv4-sp/hard/crti.o
                0x080122cc                _fini
 .fini          0x080122d0        0x8 e:/ahl-gec-ide(4.36)/gcc/bin/../lib/gcc/arm-none-eabi/7.2.1/thumb/v7e-m/fpv4-sp/hard/crtn.o
                0x080122d8                . = ALIGN (0x8)
                0x080122d8                _etext = .

.vfp11_veneer   0x080122d8        0x0
 .vfp11_veneer  0x080122d8        0x0 linker stubs

.v4_bx          0x080122d8        0x0
 .v4_bx         0x080122d8        0x0 linker stubs

.iplt           0x080122d8        0x0
 .iplt          0x080122d8        0x0 e:/ahl-gec-ide(4.36)/gcc/bin/../lib/gcc/arm-none-eabi/7.2.1/thumb/v7e-m/fpv4-sp/hard/crtbegin.o

.rodata         0x080122d8      0xbe8
                0x080122d8                . = ALIGN (0x8)
 *(.rodata)
 *(.rodata*)
 .rodata.thread_eventGreen.str1.4
                0x080122d8       0x63 ./obj/thread_eventGreen.o
 *fill*         0x0801233b        0x1 
 .rodata.rt_hw_hard_fault_exception.str1.4
                0x0801233c      0x14a ./obj/cpuport.o
 *fill*         0x08012486        0x2 
 .rodata.AHBPrescTable
                0x08012488       0x10 ./obj/system_stm32l4xx.o
                0x08012488                AHBPrescTable
 .rodata.MSIRangeTable
                0x08012498       0x30 ./obj/system_stm32l4xx.o
                0x08012498                MSIRangeTable
 .rodata.thread_SPThread2.str1.4
                0x080124c8       0x78 ./obj/thread_SPThread2.o
 .rodata.rt_application_init.str1.4
                0x08012540        0x5 ./obj/OsFunc.o
 *fill*         0x08012545        0x3 
 .rodata.thread_SPThread3.str1.4
                0x08012548       0x8c ./obj/thread_SPThread3.o
 .rodata.__lowest_bit_bitmap
                0x080125d4      0x100 ./obj/kservice.o
                0x080125d4                __lowest_bit_bitmap
 .rodata.large_digits.6185
                0x080126d4       0x11 ./obj/kservice.o
 *fill*         0x080126e5        0x3 
 .rodata.rt_vsnprintf.str1.4
                0x080126e8        0x7 ./obj/kservice.o
 *fill*         0x080126ef        0x1 
 .rodata.small_digits.6184
                0x080126f0       0x11 ./obj/kservice.o
 *fill*         0x08012701        0x3 
 .rodata.thread_delayRed.str1.4
                0x08012704       0x8d ./obj/thread_delayRed.o
 *fill*         0x08012791        0x3 
 .rodata.thread_delayGreen.str1.4
                0x08012794       0x8e ./obj/thread_delayGreen.o
 *fill*         0x08012822        0x2 
 .rodata.thread_delayBlue.str1.4
                0x08012824       0x8a ./obj/thread_delayBlue.o
 *fill*         0x080128ae        0x2 
 .rodata.thread_SPThread1.str1.4
                0x080128b0       0x68 ./obj/thread_SPThread1.o
                                 0x74 (size before relaxing)
 .rodata.Vectors_Init.str1.4
                0x08012918       0x48 ./obj/gec.o
 .rodata.rt_thread_idle_init.str1.4
                0x08012960        0x6 ./obj/idle.o
 *fill*         0x08012966        0x2 
 .rodata.app_init.str1.4
                0x08012968      0x226 ./obj/threadauto_appinit.o
 *fill*         0x08012b8e        0x2 
 .rodata.thread_mutexRed.str1.4
                0x08012b90       0x42 ./obj/thread_mutexRed.o
 *fill*         0x08012bd2        0x2 
 .rodata.thread_messagerecv.str1.4
                0x08012bd4       0x65 ./obj/thread_messagerecv.o
                                 0x69 (size before relaxing)
 *fill*         0x08012c39        0x3 
 .rodata.rt_free.str1.4
                0x08012c3c       0x4c ./obj/mem.o
 .rodata.rt_system_heap_init.str1.4
                0x08012c88       0x42 ./obj/mem.o
 *fill*         0x08012cca        0x2 
 .rodata.thread_mutexGreen.str1.4
                0x08012ccc       0x43 ./obj/thread_mutexGreen.o
 *fill*         0x08012d0f        0x1 
 .rodata.thread_rulechoose.str1.4
                0x08012d10      0x16a ./obj/thread_rulechoose.o
 *fill*         0x08012e7a        0x2 
 .rodata.thread_mutexBlue.str1.4
                0x08012e7c       0x44 ./obj/thread_mutexBlue.o
                                 0x43 (size before relaxing)
                0x08012ec0                . = ALIGN (0x8)

.rti_fn.0.end   0x08012ec0        0x4
 .rti_fn.0.end  0x08012ec0        0x4 ./obj/components.o
                0x08012ec0                __rt_init_rti_board_start

.rti_fn.1.end   0x08012ec4        0x4
 .rti_fn.1.end  0x08012ec4        0x4 ./obj/components.o
                0x08012ec4                __rt_init_rti_board_end

.ARM.extab      0x08012ec8        0x0
                0x08012ec8                . = ALIGN (0x8)
 *(.ARM.extab* .gnu.linkonce.armextab.*)
                0x08012ec8                . = ALIGN (0x8)

.ARM            0x08012ec8        0x8
                0x08012ec8                . = ALIGN (0x8)
                0x08012ec8                __exidx_start = .
 *(.ARM.exidx*)
 .ARM.exidx     0x08012ec8        0x8 e:/ahl-gec-ide(4.36)/gcc/bin/../lib/gcc/arm-none-eabi/7.2.1/thumb/v7e-m/fpv4-sp/hard\libgcc.a(_udivmoddi4.o)
                0x08012ed0                __exidx_end = .
                0x08012ed0                . = ALIGN (0x8)

.rel.dyn        0x08012ed0        0x0
 .rel.iplt      0x08012ed0        0x0 e:/ahl-gec-ide(4.36)/gcc/bin/../lib/gcc/arm-none-eabi/7.2.1/thumb/v7e-m/fpv4-sp/hard/crtbegin.o

.preinit_array  0x08012ed0        0x0
                0x08012ed0                . = ALIGN (0x8)
                0x08012ed0                PROVIDE (__preinit_array_start, .)
 *(.preinit_array*)
                0x08012ed0                PROVIDE (__preinit_array_end, .)
                0x08012ed0                . = ALIGN (0x8)

.init_array     0x08012ed0        0x8
                0x08012ed0                . = ALIGN (0x8)
                0x08012ed0                PROVIDE (__init_array_start, .)
 *(SORT_BY_NAME(.init_array.*))
 *(.init_array*)
 .init_array    0x08012ed0        0x4 e:/ahl-gec-ide(4.36)/gcc/bin/../lib/gcc/arm-none-eabi/7.2.1/thumb/v7e-m/fpv4-sp/hard/crtbegin.o
                0x08012ed4                PROVIDE (__init_array_end, .)
                0x08012ed8                . = ALIGN (0x8)
 *fill*         0x08012ed4        0x4 

.fini_array     0x08012ed8        0x8
                0x08012ed8                . = ALIGN (0x8)
                [!provide]                PROVIDE (__fini_array_start, .)
 *(SORT_BY_NAME(.fini_array.*))
 *(.fini_array*)
 .fini_array    0x08012ed8        0x4 e:/ahl-gec-ide(4.36)/gcc/bin/../lib/gcc/arm-none-eabi/7.2.1/thumb/v7e-m/fpv4-sp/hard/crtbegin.o
                [!provide]                PROVIDE (__fini_array_end, .)
                0x08012ee0                . = ALIGN (0x8)
 *fill*         0x08012edc        0x4 
                0x08012ee0                _sidata = LOADADDR (.data)

.data           0x20004000       0xa0 load address 0x08012ee0
                0x20004000                . = ALIGN (0x4)
                0x20004000                _sdata = .
 *(.data)
 *(.data*)
 .data.SystemCoreClock
                0x20004000        0x4 ./obj/system_stm32l4xx.o
                0x20004000                SystemCoreClock
 .data.rt_object_container
                0x20004004       0x70 ./obj/object.o
 .data.GPIO_ARR
                0x20004074       0x18 ./obj/gpio.o
                0x20004074                GPIO_ARR
 .data.USART_ARR
                0x2000408c        0xc ./obj/uart.o
                0x2000408c                USART_ARR
 .data.table_irq_uart
                0x20004098        0x3 ./obj/uart.o
                0x20004098                table_irq_uart
 *fill*         0x2000409b        0x1 
 .data.index.8036
                0x2000409c        0x2 ./obj/isr.o
 .data.length.8037
                0x2000409e        0x2 ./obj/isr.o
                0x200040a0                . = ALIGN (0x4)
                0x200040a0                _edata = .

.igot.plt       0x200040a0        0x0 load address 0x08012f80
 .igot.plt      0x200040a0        0x0 e:/ahl-gec-ide(4.36)/gcc/bin/../lib/gcc/arm-none-eabi/7.2.1/thumb/v7e-m/fpv4-sp/hard/crtbegin.o
                0x200040a0                . = ALIGN (0x4)

.bss            0x200040a0     0x3bd8 load address 0x08012f80
                0x200040a0                _sbss = .
                0x200040a0                __bss_start__ = _sbss
 *(.bss)
 .bss           0x200040a0       0x1c e:/ahl-gec-ide(4.36)/gcc/bin/../lib/gcc/arm-none-eabi/7.2.1/thumb/v7e-m/fpv4-sp/hard/crtbegin.o
 *(.bss*)
 .bss.rt_exception_hook
                0x200040bc        0x4 ./obj/cpuport.o
 .bss.random_nr.6070
                0x200040c0        0x4 ./obj/timer.o
 .bss.rt_timer_list
                0x200040c4        0x8 ./obj/timer.o
 .bss.rt_log_buf.6286
                0x200040cc       0x80 ./obj/kservice.o
 .bss.rt_tick   0x2000414c        0x4 ./obj/clock.o
 .bss.rt_scheduler_lock_nest
                0x20004150        0x2 ./obj/scheduler.o
 *fill*         0x20004152        0x2 
 .bss.rt_heap   0x20004154     0x3000 ./obj/board.o
 .bss.idle      0x20007154       0x80 ./obj/idle.o
 .bss.rt_thread_stack
                0x200071d4      0x100 ./obj/idle.o
 .bss.heap_end  0x200072d4        0x4 ./obj/mem.o
 .bss.heap_ptr  0x200072d8        0x4 ./obj/mem.o
 .bss.heap_sem  0x200072dc       0x20 ./obj/mem.o
 .bss.lfree     0x200072fc        0x4 ./obj/mem.o
 .bss.max_mem   0x20007300        0x4 ./obj/mem.o
 .bss.mem_size_aligned
                0x20007304        0x4 ./obj/mem.o
 .bss.used_mem  0x20007308        0x4 ./obj/mem.o
 *(COMMON)
 COMMON         0x2000730c        0xc ./obj/cpuport.o
                0x2000730c                rt_interrupt_to_thread
                0x20007310                rt_interrupt_from_thread
                0x20007314                rt_thread_switch_interrupt_flag
 COMMON         0x20007318      0x844 ./obj/main.o
                0x20007318                SP
                0x2000731c                thd_mutexGreen
                0x20007320                thd_delayBlue
                0x20007324                thd_SPThread1
                0x20007328                thd_delayRed
                0x2000732c                thd_eventGreen
                0x20007330                thd_mutexRed
                0x20007334                mutex
                0x20007338                thd_messagerecv
                0x2000733c                mq
                0x20007340                thd_SPThread2
                0x20007344                thd_delayGreen
                0x20007348                EventWord
                0x2000734c                gcRecvLen
                0x2000734e                gcRecvDCLen
                0x20007350                thd_eventBlue
                0x20007354                thd_SPThread3
                0x20007358                gcRecvBuf
                0x20007b58                thd_mutexBlue
 COMMON         0x20007b5c      0x114 ./obj/scheduler.o
                0x20007b5c                rt_thread_priority_table
                0x20007c5c                rt_current_priority
                0x20007c60                rt_current_thread
                0x20007c64                rt_thread_ready_priority_group
                0x20007c68                rt_thread_defunct
 COMMON         0x20007c70        0x4 ./obj/gec.o
                0x20007c70                component_fun
 COMMON         0x20007c74        0x1 ./obj/irq.o
                0x20007c74                rt_interrupt_nest
                0x20007c78                . = ALIGN (0x4)
 *fill*         0x20007c75        0x3 
                0x20007c78                _ebss = .
                0x20007c78                __bss_end__ = _ebss

/DISCARD/
 libc.a(*)
 libm.a(*)
 libgcc.a(*)

.ARM.attributes
                0x00000000       0x30
 *(.ARM.attributes)
 .ARM.attributes
                0x00000000       0x22 e:/ahl-gec-ide(4.36)/gcc/bin/../lib/gcc/arm-none-eabi/7.2.1/thumb/v7e-m/fpv4-sp/hard/crti.o
 .ARM.attributes
                0x00000022       0x34 e:/ahl-gec-ide(4.36)/gcc/bin/../lib/gcc/arm-none-eabi/7.2.1/thumb/v7e-m/fpv4-sp/hard/crtbegin.o
 .ARM.attributes
                0x00000056       0x39 ./obj/components.o
 .ARM.attributes
                0x0000008f       0x39 ./obj/thread_eventGreen.o
 .ARM.attributes
                0x000000c8       0x39 ./obj/cpuport.o
 .ARM.attributes
                0x00000101       0x39 ./obj/printf.o
 .ARM.attributes
                0x0000013a       0x39 ./obj/thread.o
 .ARM.attributes
                0x00000173       0x39 ./obj/timer.o
 .ARM.attributes
                0x000001ac       0x39 ./obj/system_stm32l4xx.o
 .ARM.attributes
                0x000001e5       0x39 ./obj/thread_SPThread2.o
 .ARM.attributes
                0x0000021e       0x39 ./obj/object.o
 .ARM.attributes
                0x00000257       0x39 ./obj/main.o
 .ARM.attributes
                0x00000290       0x39 ./obj/OsFunc.o
 .ARM.attributes
                0x000002c9       0x39 ./obj/thread_SPThread3.o
 .ARM.attributes
                0x00000302       0x39 ./obj/flash.o
 .ARM.attributes
                0x0000033b       0x39 ./obj/gpio.o
 .ARM.attributes
                0x00000374       0x39 ./obj/ipc.o
 .ARM.attributes
                0x000003ad       0x39 ./obj/kservice.o
 .ARM.attributes
                0x000003e6       0x39 ./obj/thread_delayRed.o
 .ARM.attributes
                0x0000041f       0x39 ./obj/clock.o
 .ARM.attributes
                0x00000458       0x39 ./obj/scheduler.o
 .ARM.attributes
                0x00000491       0x39 ./obj/thread_delayGreen.o
 .ARM.attributes
                0x000004ca       0x39 ./obj/board.o
 .ARM.attributes
                0x00000503       0x39 ./obj/thread_delayBlue.o
 .ARM.attributes
                0x0000053c       0x39 ./obj/thread_SPThread1.o
 .ARM.attributes
                0x00000575       0x39 ./obj/gec.o
 .ARM.attributes
                0x000005ae       0x39 ./obj/uart.o
 .ARM.attributes
                0x000005e7       0x39 ./obj/idle.o
 .ARM.attributes
                0x00000620       0x39 ./obj/threadauto_appinit.o
 .ARM.attributes
                0x00000659       0x39 ./obj/isr.o
 .ARM.attributes
                0x00000692       0x39 ./obj/thread_mutexRed.o
 .ARM.attributes
                0x000006cb       0x39 ./obj/thread_messagerecv.o
 .ARM.attributes
                0x00000704       0x39 ./obj/mem.o
 .ARM.attributes
                0x0000073d       0x39 ./obj/irq.o
 .ARM.attributes
                0x00000776       0x39 ./obj/thread_mutexGreen.o
 .ARM.attributes
                0x000007af       0x39 ./obj/thread_rulechoose.o
 .ARM.attributes
                0x000007e8       0x39 ./obj/thread_mutexBlue.o
 .ARM.attributes
                0x00000821       0x21 ./obj/startup_stm32l431rctx.o
 .ARM.attributes
                0x00000842       0x25 ./obj/context_gcc.o
 .ARM.attributes
                0x00000867       0x34 e:/ahl-gec-ide(4.36)/gcc/bin/../lib/gcc/arm-none-eabi/7.2.1/../../../../arm-none-eabi/lib/thumb/v7e-m/fpv4-sp/hard\libc_nano.a(lib_a-init.o)
 .ARM.attributes
                0x0000089b       0x34 e:/ahl-gec-ide(4.36)/gcc/bin/../lib/gcc/arm-none-eabi/7.2.1/../../../../arm-none-eabi/lib/thumb/v7e-m/fpv4-sp/hard\libc_nano.a(lib_a-memcpy-stub.o)
 .ARM.attributes
                0x000008cf       0x34 e:/ahl-gec-ide(4.36)/gcc/bin/../lib/gcc/arm-none-eabi/7.2.1/../../../../arm-none-eabi/lib/thumb/v7e-m/fpv4-sp/hard\libc_nano.a(lib_a-memset.o)
 .ARM.attributes
                0x00000903       0x34 e:/ahl-gec-ide(4.36)/gcc/bin/../lib/gcc/arm-none-eabi/7.2.1/../../../../arm-none-eabi/lib/thumb/v7e-m/fpv4-sp/hard\libc_nano.a(lib_a-strcat.o)
 .ARM.attributes
                0x00000937       0x1b e:/ahl-gec-ide(4.36)/gcc/bin/../lib/gcc/arm-none-eabi/7.2.1/../../../../arm-none-eabi/lib/thumb/v7e-m/fpv4-sp/hard\libc_nano.a(lib_a-strlen.o)
 .ARM.attributes
                0x00000952       0x22 e:/ahl-gec-ide(4.36)/gcc/bin/../lib/gcc/arm-none-eabi/7.2.1/thumb/v7e-m/fpv4-sp/hard\libgcc.a(_arm_addsubdf3.o)
 .ARM.attributes
                0x00000974       0x22 e:/ahl-gec-ide(4.36)/gcc/bin/../lib/gcc/arm-none-eabi/7.2.1/thumb/v7e-m/fpv4-sp/hard\libgcc.a(_arm_muldivdf3.o)
 .ARM.attributes
                0x00000996       0x22 e:/ahl-gec-ide(4.36)/gcc/bin/../lib/gcc/arm-none-eabi/7.2.1/thumb/v7e-m/fpv4-sp/hard\libgcc.a(_arm_cmpdf2.o)
 .ARM.attributes
                0x000009b8       0x22 e:/ahl-gec-ide(4.36)/gcc/bin/../lib/gcc/arm-none-eabi/7.2.1/thumb/v7e-m/fpv4-sp/hard\libgcc.a(_arm_fixunsdfsi.o)
 .ARM.attributes
                0x000009da       0x22 e:/ahl-gec-ide(4.36)/gcc/bin/../lib/gcc/arm-none-eabi/7.2.1/thumb/v7e-m/fpv4-sp/hard\libgcc.a(_aeabi_uldivmod.o)
 .ARM.attributes
                0x000009fc       0x34 e:/ahl-gec-ide(4.36)/gcc/bin/../lib/gcc/arm-none-eabi/7.2.1/thumb/v7e-m/fpv4-sp/hard\libgcc.a(_fixunsdfdi.o)
 .ARM.attributes
                0x00000a30       0x34 e:/ahl-gec-ide(4.36)/gcc/bin/../lib/gcc/arm-none-eabi/7.2.1/thumb/v7e-m/fpv4-sp/hard\libgcc.a(_udivmoddi4.o)
 .ARM.attributes
                0x00000a64       0x22 e:/ahl-gec-ide(4.36)/gcc/bin/../lib/gcc/arm-none-eabi/7.2.1/thumb/v7e-m/fpv4-sp/hard\libgcc.a(_dvmd_tls.o)
 .ARM.attributes
                0x00000a86       0x22 e:/ahl-gec-ide(4.36)/gcc/bin/../lib/gcc/arm-none-eabi/7.2.1/thumb/v7e-m/fpv4-sp/hard/crtn.o
OUTPUT(RT-thread_system.elf elf32-littlearm)

.debug_info     0x00000000    0x208e7
 .debug_info    0x00000000      0x1d4 ./obj/components.o
 .debug_info    0x000001d4      0xfc2 ./obj/thread_eventGreen.o
 .debug_info    0x00001196      0x54e ./obj/cpuport.o
 .debug_info    0x000016e4     0x15db ./obj/printf.o
 .debug_info    0x00002cbf     0x18c0 ./obj/thread.o
 .debug_info    0x0000457f      0xa68 ./obj/timer.o
 .debug_info    0x00004fe7      0x847 ./obj/system_stm32l4xx.o
 .debug_info    0x0000582e      0xfe8 ./obj/thread_SPThread2.o
 .debug_info    0x00006816      0x707 ./obj/object.o
 .debug_info    0x00006f1d      0xf43 ./obj/main.o
 .debug_info    0x00007e60      0x555 ./obj/OsFunc.o
 .debug_info    0x000083b5     0x106d ./obj/thread_SPThread3.o
 .debug_info    0x00009422      0xf66 ./obj/flash.o
 .debug_info    0x0000a388     0x16fa ./obj/gpio.o
 .debug_info    0x0000ba82     0x3779 ./obj/ipc.o
 .debug_info    0x0000f1fb     0x112c ./obj/kservice.o
 .debug_info    0x00010327      0xf95 ./obj/thread_delayRed.o
 .debug_info    0x000112bc      0x43c ./obj/clock.o
 .debug_info    0x000116f8      0x72b ./obj/scheduler.o
 .debug_info    0x00011e23      0xf95 ./obj/thread_delayGreen.o
 .debug_info    0x00012db8      0xaa5 ./obj/board.o
 .debug_info    0x0001385d      0xf95 ./obj/thread_delayBlue.o
 .debug_info    0x000147f2     0x1050 ./obj/thread_SPThread1.o
 .debug_info    0x00015842     0x13a6 ./obj/gec.o
 .debug_info    0x00016be8     0x15a2 ./obj/uart.o
 .debug_info    0x0001818a      0x60e ./obj/idle.o
 .debug_info    0x00018798     0x1371 ./obj/threadauto_appinit.o
 .debug_info    0x00019b09      0xfd8 ./obj/isr.o
 .debug_info    0x0001aae1      0xfb0 ./obj/thread_mutexRed.o
 .debug_info    0x0001ba91     0x110d ./obj/thread_messagerecv.o
 .debug_info    0x0001cb9e      0x742 ./obj/mem.o
 .debug_info    0x0001d2e0      0x13c ./obj/irq.o
 .debug_info    0x0001d41c      0xfb0 ./obj/thread_mutexGreen.o
 .debug_info    0x0001e3cc     0x1523 ./obj/thread_rulechoose.o
 .debug_info    0x0001f8ef      0xfb0 ./obj/thread_mutexBlue.o
 .debug_info    0x0002089f       0x22 ./obj/startup_stm32l431rctx.o
 .debug_info    0x000208c1       0x26 ./obj/context_gcc.o

.debug_abbrev   0x00000000     0x4c48
 .debug_abbrev  0x00000000      0x104 ./obj/components.o
 .debug_abbrev  0x00000104      0x1ea ./obj/thread_eventGreen.o
 .debug_abbrev  0x000002ee      0x1f2 ./obj/cpuport.o
 .debug_abbrev  0x000004e0      0x2fc ./obj/printf.o
 .debug_abbrev  0x000007dc      0x338 ./obj/thread.o
 .debug_abbrev  0x00000b14      0x345 ./obj/timer.o
 .debug_abbrev  0x00000e59      0x18e ./obj/system_stm32l4xx.o
 .debug_abbrev  0x00000fe7      0x1f5 ./obj/thread_SPThread2.o
 .debug_abbrev  0x000011dc      0x215 ./obj/object.o
 .debug_abbrev  0x000013f1      0x1c6 ./obj/main.o
 .debug_abbrev  0x000015b7      0x171 ./obj/OsFunc.o
 .debug_abbrev  0x00001728      0x1f5 ./obj/thread_SPThread3.o
 .debug_abbrev  0x0000191d      0x2eb ./obj/flash.o
 .debug_abbrev  0x00001c08      0x38c ./obj/gpio.o
 .debug_abbrev  0x00001f94      0x376 ./obj/ipc.o
 .debug_abbrev  0x0000230a      0x351 ./obj/kservice.o
 .debug_abbrev  0x0000265b      0x1d7 ./obj/thread_delayRed.o
 .debug_abbrev  0x00002832      0x166 ./obj/clock.o
 .debug_abbrev  0x00002998      0x218 ./obj/scheduler.o
 .debug_abbrev  0x00002bb0      0x1d7 ./obj/thread_delayGreen.o
 .debug_abbrev  0x00002d87      0x21c ./obj/board.o
 .debug_abbrev  0x00002fa3      0x1d7 ./obj/thread_delayBlue.o
 .debug_abbrev  0x0000317a      0x1f5 ./obj/thread_SPThread1.o
 .debug_abbrev  0x0000336f      0x286 ./obj/gec.o
 .debug_abbrev  0x000035f5      0x369 ./obj/uart.o
 .debug_abbrev  0x0000395e      0x23c ./obj/idle.o
 .debug_abbrev  0x00003b9a      0x1ec ./obj/threadauto_appinit.o
 .debug_abbrev  0x00003d86      0x269 ./obj/isr.o
 .debug_abbrev  0x00003fef      0x1db ./obj/thread_mutexRed.o
 .debug_abbrev  0x000041ca      0x219 ./obj/thread_messagerecv.o
 .debug_abbrev  0x000043e3      0x1d4 ./obj/mem.o
 .debug_abbrev  0x000045b7       0xb1 ./obj/irq.o
 .debug_abbrev  0x00004668      0x1db ./obj/thread_mutexGreen.o
 .debug_abbrev  0x00004843      0x204 ./obj/thread_rulechoose.o
 .debug_abbrev  0x00004a47      0x1db ./obj/thread_mutexBlue.o
 .debug_abbrev  0x00004c22       0x12 ./obj/startup_stm32l431rctx.o
 .debug_abbrev  0x00004c34       0x14 ./obj/context_gcc.o

.debug_loc      0x00000000     0x7daa
 .debug_loc     0x00000000       0x77 ./obj/components.o
 .debug_loc     0x00000077      0x184 ./obj/cpuport.o
 .debug_loc     0x000001fb     0x1192 ./obj/printf.o
 .debug_loc     0x0000138d      0x7aa ./obj/thread.o
 .debug_loc     0x00001b37      0x6f4 ./obj/timer.o
 .debug_loc     0x0000222b      0x246 ./obj/system_stm32l4xx.o
 .debug_loc     0x00002471       0x3c ./obj/thread_SPThread2.o
 .debug_loc     0x000024ad      0x38b ./obj/object.o
 .debug_loc     0x00002838       0x7e ./obj/OsFunc.o
 .debug_loc     0x000028b6       0x3c ./obj/thread_SPThread3.o
 .debug_loc     0x000028f2      0x66d ./obj/flash.o
 .debug_loc     0x00002f5f      0x451 ./obj/gpio.o
 .debug_loc     0x000033b0     0x2655 ./obj/ipc.o
 .debug_loc     0x00005a05     0x13cc ./obj/kservice.o
 .debug_loc     0x00006dd1       0xc2 ./obj/clock.o
 .debug_loc     0x00006e93      0x1e8 ./obj/scheduler.o
 .debug_loc     0x0000707b       0x4f ./obj/board.o
 .debug_loc     0x000070ca       0x3c ./obj/thread_SPThread1.o
 .debug_loc     0x00007106      0x149 ./obj/gec.o
 .debug_loc     0x0000724f      0x484 ./obj/uart.o
 .debug_loc     0x000076d3       0x7b ./obj/idle.o
 .debug_loc     0x0000774e       0x1e ./obj/threadauto_appinit.o
 .debug_loc     0x0000776c       0xaa ./obj/isr.o
 .debug_loc     0x00007816       0x31 ./obj/thread_messagerecv.o
 .debug_loc     0x00007847      0x51e ./obj/mem.o
 .debug_loc     0x00007d65       0x26 ./obj/irq.o
 .debug_loc     0x00007d8b       0x1f ./obj/thread_rulechoose.o

.debug_aranges  0x00000000      0xa60
 .debug_aranges
                0x00000000       0x50 ./obj/components.o
 .debug_aranges
                0x00000050       0x20 ./obj/thread_eventGreen.o
 .debug_aranges
                0x00000070       0x40 ./obj/cpuport.o
 .debug_aranges
                0x000000b0       0x68 ./obj/printf.o
 .debug_aranges
                0x00000118       0xa0 ./obj/thread.o
 .debug_aranges
                0x000001b8       0x80 ./obj/timer.o
 .debug_aranges
                0x00000238       0x30 ./obj/system_stm32l4xx.o
 .debug_aranges
                0x00000268       0x20 ./obj/thread_SPThread2.o
 .debug_aranges
                0x00000288       0x60 ./obj/object.o
 .debug_aranges
                0x000002e8       0x20 ./obj/main.o
 .debug_aranges
                0x00000308       0x30 ./obj/OsFunc.o
 .debug_aranges
                0x00000338       0x20 ./obj/thread_SPThread3.o
 .debug_aranges
                0x00000358       0x78 ./obj/flash.o
 .debug_aranges
                0x000003d0       0x78 ./obj/gpio.o
 .debug_aranges
                0x00000448      0x148 ./obj/ipc.o
 .debug_aranges
                0x00000590       0xf0 ./obj/kservice.o
 .debug_aranges
                0x00000680       0x20 ./obj/thread_delayRed.o
 .debug_aranges
                0x000006a0       0x40 ./obj/clock.o
 .debug_aranges
                0x000006e0       0x58 ./obj/scheduler.o
 .debug_aranges
                0x00000738       0x20 ./obj/thread_delayGreen.o
 .debug_aranges
                0x00000758       0x40 ./obj/board.o
 .debug_aranges
                0x00000798       0x20 ./obj/thread_delayBlue.o
 .debug_aranges
                0x000007b8       0x20 ./obj/thread_SPThread1.o
 .debug_aranges
                0x000007d8       0x28 ./obj/gec.o
 .debug_aranges
                0x00000800       0x78 ./obj/uart.o
 .debug_aranges
                0x00000878       0x38 ./obj/idle.o
 .debug_aranges
                0x000008b0       0x20 ./obj/threadauto_appinit.o
 .debug_aranges
                0x000008d0       0x28 ./obj/isr.o
 .debug_aranges
                0x000008f8       0x20 ./obj/thread_mutexRed.o
 .debug_aranges
                0x00000918       0x20 ./obj/thread_messagerecv.o
 .debug_aranges
                0x00000938       0x50 ./obj/mem.o
 .debug_aranges
                0x00000988       0x30 ./obj/irq.o
 .debug_aranges
                0x000009b8       0x20 ./obj/thread_mutexGreen.o
 .debug_aranges
                0x000009d8       0x20 ./obj/thread_rulechoose.o
 .debug_aranges
                0x000009f8       0x20 ./obj/thread_mutexBlue.o
 .debug_aranges
                0x00000a18       0x28 ./obj/startup_stm32l431rctx.o
 .debug_aranges
                0x00000a40       0x20 ./obj/context_gcc.o

.debug_ranges   0x00000000      0x9a0
 .debug_ranges  0x00000000       0x40 ./obj/components.o
 .debug_ranges  0x00000040       0x10 ./obj/thread_eventGreen.o
 .debug_ranges  0x00000050       0x30 ./obj/cpuport.o
 .debug_ranges  0x00000080       0x58 ./obj/printf.o
 .debug_ranges  0x000000d8       0x90 ./obj/thread.o
 .debug_ranges  0x00000168       0xe8 ./obj/timer.o
 .debug_ranges  0x00000250       0x20 ./obj/system_stm32l4xx.o
 .debug_ranges  0x00000270       0x10 ./obj/thread_SPThread2.o
 .debug_ranges  0x00000280       0x50 ./obj/object.o
 .debug_ranges  0x000002d0       0x10 ./obj/main.o
 .debug_ranges  0x000002e0       0x20 ./obj/OsFunc.o
 .debug_ranges  0x00000300       0x10 ./obj/thread_SPThread3.o
 .debug_ranges  0x00000310       0x80 ./obj/flash.o
 .debug_ranges  0x00000390       0x68 ./obj/gpio.o
 .debug_ranges  0x000003f8      0x1c8 ./obj/ipc.o
 .debug_ranges  0x000005c0      0x110 ./obj/kservice.o
 .debug_ranges  0x000006d0       0x10 ./obj/thread_delayRed.o
 .debug_ranges  0x000006e0       0x30 ./obj/clock.o
 .debug_ranges  0x00000710       0x60 ./obj/scheduler.o
 .debug_ranges  0x00000770       0x10 ./obj/thread_delayGreen.o
 .debug_ranges  0x00000780       0x30 ./obj/board.o
 .debug_ranges  0x000007b0       0x10 ./obj/thread_delayBlue.o
 .debug_ranges  0x000007c0       0x10 ./obj/thread_SPThread1.o
 .debug_ranges  0x000007d0       0x18 ./obj/gec.o
 .debug_ranges  0x000007e8       0x68 ./obj/uart.o
 .debug_ranges  0x00000850       0x58 ./obj/idle.o
 .debug_ranges  0x000008a8       0x10 ./obj/threadauto_appinit.o
 .debug_ranges  0x000008b8       0x18 ./obj/isr.o
 .debug_ranges  0x000008d0       0x10 ./obj/thread_mutexRed.o
 .debug_ranges  0x000008e0       0x10 ./obj/thread_messagerecv.o
 .debug_ranges  0x000008f0       0x40 ./obj/mem.o
 .debug_ranges  0x00000930       0x20 ./obj/irq.o
 .debug_ranges  0x00000950       0x10 ./obj/thread_mutexGreen.o
 .debug_ranges  0x00000960       0x10 ./obj/thread_rulechoose.o
 .debug_ranges  0x00000970       0x10 ./obj/thread_mutexBlue.o
 .debug_ranges  0x00000980       0x20 ./obj/startup_stm32l431rctx.o

.debug_macro    0x00000000     0x564a
 .debug_macro   0x00000000       0x6f ./obj/components.o
 .debug_macro   0x0000006f      0xa5a ./obj/components.o
 .debug_macro   0x00000ac9       0x88 ./obj/components.o
 .debug_macro   0x00000b51       0x26 ./obj/components.o
 .debug_macro   0x00000b77      0x284 ./obj/components.o
 .debug_macro   0x00000dfb       0x69 ./obj/components.o
 .debug_macro   0x00000e64       0x34 ./obj/components.o
 .debug_macro   0x00000e98      0x294 ./obj/thread_eventGreen.o
 .debug_macro   0x0000112c       0x87 ./obj/thread_eventGreen.o
 .debug_macro   0x000011b3       0x51 ./obj/thread_eventGreen.o
 .debug_macro   0x00001204       0xd8 ./obj/thread_eventGreen.o
 .debug_macro   0x000012dc       0x46 ./obj/thread_eventGreen.o
 .debug_macro   0x00001322      0x32a ./obj/thread_eventGreen.o
 .debug_macro   0x0000164c       0x9a ./obj/thread_eventGreen.o
 .debug_macro   0x000016e6       0x70 ./obj/thread_eventGreen.o
 .debug_macro   0x00001756       0x34 ./obj/thread_eventGreen.o
 .debug_macro   0x0000178a       0x10 ./obj/thread_eventGreen.o
 .debug_macro   0x0000179a      0x15a ./obj/thread_eventGreen.o
 .debug_macro   0x000018f4       0x58 ./obj/thread_eventGreen.o
 .debug_macro   0x0000194c       0xa6 ./obj/thread_eventGreen.o
 .debug_macro   0x000019f2       0x22 ./obj/thread_eventGreen.o
 .debug_macro   0x00001a14       0x9f ./obj/cpuport.o
 .debug_macro   0x00001ab3      0x1c8 ./obj/printf.o
 .debug_macro   0x00001c7b      0x21a ./obj/thread.o
 .debug_macro   0x00001e95       0x3a ./obj/thread.o
 .debug_macro   0x00001ecf       0x63 ./obj/timer.o
 .debug_macro   0x00001f32       0xdb ./obj/system_stm32l4xx.o
 .debug_macro   0x0000200d      0x294 ./obj/thread_SPThread2.o
 .debug_macro   0x000022a1       0x69 ./obj/object.o
 .debug_macro   0x0000230a      0x29a ./obj/main.o
 .debug_macro   0x000025a4       0x22 ./obj/main.o
 .debug_macro   0x000025c6      0x134 ./obj/OsFunc.o
 .debug_macro   0x000026fa      0x294 ./obj/thread_SPThread3.o
 .debug_macro   0x0000298e      0x1b9 ./obj/flash.o
 .debug_macro   0x00002b47       0x34 ./obj/flash.o
 .debug_macro   0x00002b7b      0x1b9 ./obj/gpio.o
 .debug_macro   0x00002d34       0x6a ./obj/gpio.o
 .debug_macro   0x00002d9e      0x21a ./obj/ipc.o
 .debug_macro   0x00002fb8      0x103 ./obj/kservice.o
 .debug_macro   0x000030bb      0x294 ./obj/thread_delayRed.o
 .debug_macro   0x0000334f       0x5e ./obj/thread_delayRed.o
 .debug_macro   0x000033ad       0x69 ./obj/clock.o
 .debug_macro   0x00003416       0x63 ./obj/scheduler.o
 .debug_macro   0x00003479      0x294 ./obj/thread_delayGreen.o
 .debug_macro   0x0000370d      0x24d ./obj/board.o
 .debug_macro   0x0000395a       0x10 ./obj/board.o
 .debug_macro   0x0000396a      0x294 ./obj/thread_delayBlue.o
 .debug_macro   0x00003bfe      0x294 ./obj/thread_SPThread1.o
 .debug_macro   0x00003e92      0x294 ./obj/gec.o
 .debug_macro   0x00004126      0x1b9 ./obj/uart.o
 .debug_macro   0x000042df       0x6f ./obj/idle.o
 .debug_macro   0x0000434e      0x294 ./obj/threadauto_appinit.o
 .debug_macro   0x000045e2      0x294 ./obj/isr.o
 .debug_macro   0x00004876      0x294 ./obj/thread_mutexRed.o
 .debug_macro   0x00004b0a      0x294 ./obj/thread_messagerecv.o
 .debug_macro   0x00004d9e       0x87 ./obj/mem.o
 .debug_macro   0x00004e25       0x69 ./obj/irq.o
 .debug_macro   0x00004e8e      0x294 ./obj/thread_mutexGreen.o
 .debug_macro   0x00005122      0x294 ./obj/thread_rulechoose.o
 .debug_macro   0x000053b6      0x294 ./obj/thread_mutexBlue.o

.debug_line     0x00000000     0xb223
 .debug_line    0x00000000      0x1a5 ./obj/components.o
 .debug_line    0x000001a5      0x5f9 ./obj/thread_eventGreen.o
 .debug_line    0x0000079e      0x197 ./obj/cpuport.o
 .debug_line    0x00000935      0x6a9 ./obj/printf.o
 .debug_line    0x00000fde      0x72f ./obj/thread.o
 .debug_line    0x0000170d      0x33c ./obj/timer.o
 .debug_line    0x00001a49      0x2df ./obj/system_stm32l4xx.o
 .debug_line    0x00001d28      0x601 ./obj/thread_SPThread2.o
 .debug_line    0x00002329      0x242 ./obj/object.o
 .debug_line    0x0000256b      0x5e6 ./obj/main.o
 .debug_line    0x00002b51      0x380 ./obj/OsFunc.o
 .debug_line    0x00002ed1      0x605 ./obj/thread_SPThread3.o
 .debug_line    0x000034d6      0x557 ./obj/flash.o
 .debug_line    0x00003a2d      0x55b ./obj/gpio.o
 .debug_line    0x00003f88      0xe36 ./obj/ipc.o
 .debug_line    0x00004dbe      0x5c5 ./obj/kservice.o
 .debug_line    0x00005383      0x605 ./obj/thread_delayRed.o
 .debug_line    0x00005988      0x17b ./obj/clock.o
 .debug_line    0x00005b03      0x22e ./obj/scheduler.o
 .debug_line    0x00005d31      0x607 ./obj/thread_delayGreen.o
 .debug_line    0x00006338      0x53f ./obj/board.o
 .debug_line    0x00006877      0x606 ./obj/thread_delayBlue.o
 .debug_line    0x00006e7d      0x604 ./obj/thread_SPThread1.o
 .debug_line    0x00007481      0x662 ./obj/gec.o
 .debug_line    0x00007ae3      0x581 ./obj/uart.o
 .debug_line    0x00008064      0x198 ./obj/idle.o
 .debug_line    0x000081fc      0x617 ./obj/threadauto_appinit.o
 .debug_line    0x00008813      0x629 ./obj/isr.o
 .debug_line    0x00008e3c      0x60f ./obj/thread_mutexRed.o
 .debug_line    0x0000944b      0x602 ./obj/thread_messagerecv.o
 .debug_line    0x00009a4d      0x295 ./obj/mem.o
 .debug_line    0x00009ce2      0x146 ./obj/irq.o
 .debug_line    0x00009e28      0x611 ./obj/thread_mutexGreen.o
 .debug_line    0x0000a439      0x6a2 ./obj/thread_rulechoose.o
 .debug_line    0x0000aadb      0x610 ./obj/thread_mutexBlue.o
 .debug_line    0x0000b0eb       0x7d ./obj/startup_stm32l431rctx.o
 .debug_line    0x0000b168       0xbb ./obj/context_gcc.o

.debug_str      0x00000000    0x85bb0
 .debug_str     0x00000000     0x41dd ./obj/components.o
                               0x429b (size before relaxing)
 .debug_str     0x000041dd    0x7f42c ./obj/thread_eventGreen.o
                              0x83907 (size before relaxing)
 .debug_str     0x00083609      0x320 ./obj/cpuport.o
                               0x4399 (size before relaxing)
 .debug_str     0x00083929      0x177 ./obj/printf.o
                              0x8185b (size before relaxing)
 .debug_str     0x00083aa0      0x458 ./obj/thread.o
                              0x83155 (size before relaxing)
 .debug_str     0x00083ef8      0x115 ./obj/timer.o
                               0x45b8 (size before relaxing)
 .debug_str     0x0008400d      0x301 ./obj/system_stm32l4xx.o
                              0x7e02d (size before relaxing)
 .debug_str     0x0008430e       0x31 ./obj/thread_SPThread2.o
                              0x838fb (size before relaxing)
 .debug_str     0x0008433f      0x1b4 ./obj/object.o
                               0x4641 (size before relaxing)
 .debug_str     0x000844f3       0x2f ./obj/main.o
                              0x838a3 (size before relaxing)
 .debug_str     0x00084522       0x98 ./obj/OsFunc.o
                              0x7f3e0 (size before relaxing)
 .debug_str     0x000845ba       0x29 ./obj/thread_SPThread3.o
                              0x83912 (size before relaxing)
 .debug_str     0x000845e3      0x107 ./obj/flash.o
                              0x81615 (size before relaxing)
 .debug_str     0x000846ea      0x578 ./obj/gpio.o
                              0x81c4f (size before relaxing)
 .debug_str     0x00084c62      0x277 ./obj/ipc.o
                              0x83326 (size before relaxing)
 .debug_str     0x00084ed9      0x439 ./obj/kservice.o
                               0x47e6 (size before relaxing)
 .debug_str     0x00085312       0x37 ./obj/thread_delayRed.o
                              0x838fb (size before relaxing)
 .debug_str     0x00085349       0x46 ./obj/clock.o
                               0x43ad (size before relaxing)
 .debug_str     0x0008538f       0xe2 ./obj/scheduler.o
                               0x453d (size before relaxing)
 .debug_str     0x00085471       0x2b ./obj/thread_delayGreen.o
                              0x838ff (size before relaxing)
 .debug_str     0x0008549c      0x1b7 ./obj/board.o
                              0x82ccd (size before relaxing)
 .debug_str     0x00085653       0x29 ./obj/thread_delayBlue.o
                              0x838fd (size before relaxing)
 .debug_str     0x0008567c       0x29 ./obj/thread_SPThread1.o
                              0x83905 (size before relaxing)
 .debug_str     0x000856a5       0x3f ./obj/gec.o
                              0x83997 (size before relaxing)
 .debug_str     0x000856e4       0xf2 ./obj/uart.o
                              0x81b32 (size before relaxing)
 .debug_str     0x000857d6       0x95 ./obj/idle.o
                               0x446d (size before relaxing)
 .debug_str     0x0008586b       0x32 ./obj/threadauto_appinit.o
                              0x83953 (size before relaxing)
 .debug_str     0x0008589d       0x5b ./obj/isr.o
                              0x83929 (size before relaxing)
 .debug_str     0x000858f8       0x27 ./obj/thread_mutexRed.o
                              0x83901 (size before relaxing)
 .debug_str     0x0008591f       0x37 ./obj/thread_messagerecv.o
                              0x8394d (size before relaxing)
 .debug_str     0x00085956      0x188 ./obj/mem.o
                               0x441c (size before relaxing)
 .debug_str     0x00085ade        0xb ./obj/irq.o
                               0x4204 (size before relaxing)
 .debug_str     0x00085ae9       0x2b ./obj/thread_mutexGreen.o
                              0x83905 (size before relaxing)
 .debug_str     0x00085b14       0x34 ./obj/thread_rulechoose.o
                              0x83949 (size before relaxing)
 .debug_str     0x00085b48       0x29 ./obj/thread_mutexBlue.o
                              0x83903 (size before relaxing)
 .debug_str     0x00085b71       0x2c ./obj/startup_stm32l431rctx.o
                                 0x59 (size before relaxing)
 .debug_str     0x00085b9d       0x13 ./obj/context_gcc.o
                                 0x4f (size before relaxing)

.comment        0x00000000       0x7e
 .comment       0x00000000       0x7e ./obj/components.o
                                 0x7f (size before relaxing)
 .comment       0x0000007e       0x7f ./obj/thread_eventGreen.o
 .comment       0x0000007e       0x7f ./obj/cpuport.o
 .comment       0x0000007e       0x7f ./obj/printf.o
 .comment       0x0000007e       0x7f ./obj/thread.o
 .comment       0x0000007e       0x7f ./obj/timer.o
 .comment       0x0000007e       0x7f ./obj/system_stm32l4xx.o
 .comment       0x0000007e       0x7f ./obj/thread_SPThread2.o
 .comment       0x0000007e       0x7f ./obj/object.o
 .comment       0x0000007e       0x7f ./obj/main.o
 .comment       0x0000007e       0x7f ./obj/OsFunc.o
 .comment       0x0000007e       0x7f ./obj/thread_SPThread3.o
 .comment       0x0000007e       0x7f ./obj/flash.o
 .comment       0x0000007e       0x7f ./obj/gpio.o
 .comment       0x0000007e       0x7f ./obj/ipc.o
 .comment       0x0000007e       0x7f ./obj/kservice.o
 .comment       0x0000007e       0x7f ./obj/thread_delayRed.o
 .comment       0x0000007e       0x7f ./obj/clock.o
 .comment       0x0000007e       0x7f ./obj/scheduler.o
 .comment       0x0000007e       0x7f ./obj/thread_delayGreen.o
 .comment       0x0000007e       0x7f ./obj/board.o
 .comment       0x0000007e       0x7f ./obj/thread_delayBlue.o
 .comment       0x0000007e       0x7f ./obj/thread_SPThread1.o
 .comment       0x0000007e       0x7f ./obj/gec.o
 .comment       0x0000007e       0x7f ./obj/uart.o
 .comment       0x0000007e       0x7f ./obj/idle.o
 .comment       0x0000007e       0x7f ./obj/threadauto_appinit.o
 .comment       0x0000007e       0x7f ./obj/isr.o
 .comment       0x0000007e       0x7f ./obj/thread_mutexRed.o
 .comment       0x0000007e       0x7f ./obj/thread_messagerecv.o
 .comment       0x0000007e       0x7f ./obj/mem.o
 .comment       0x0000007e       0x7f ./obj/irq.o
 .comment       0x0000007e       0x7f ./obj/thread_mutexGreen.o
 .comment       0x0000007e       0x7f ./obj/thread_rulechoose.o
 .comment       0x0000007e       0x7f ./obj/thread_mutexBlue.o

.debug_frame    0x00000000     0x1cbc
 .debug_frame   0x00000000       0x98 ./obj/components.o
 .debug_frame   0x00000098       0x28 ./obj/thread_eventGreen.o
 .debug_frame   0x000000c0       0x80 ./obj/cpuport.o
 .debug_frame   0x00000140      0x17c ./obj/printf.o
 .debug_frame   0x000002bc      0x1f0 ./obj/thread.o
 .debug_frame   0x000004ac      0x170 ./obj/timer.o
 .debug_frame   0x0000061c       0x54 ./obj/system_stm32l4xx.o
 .debug_frame   0x00000670       0x28 ./obj/thread_SPThread2.o
 .debug_frame   0x00000698       0xe0 ./obj/object.o
 .debug_frame   0x00000778       0x28 ./obj/main.o
 .debug_frame   0x000007a0       0x5c ./obj/OsFunc.o
 .debug_frame   0x000007fc       0x28 ./obj/thread_SPThread3.o
 .debug_frame   0x00000824      0x130 ./obj/flash.o
 .debug_frame   0x00000954      0x180 ./obj/gpio.o
 .debug_frame   0x00000ad4      0x4c8 ./obj/ipc.o
 .debug_frame   0x00000f9c      0x318 ./obj/kservice.o
 .debug_frame   0x000012b4       0x28 ./obj/thread_delayRed.o
 .debug_frame   0x000012dc       0x7c ./obj/clock.o
 .debug_frame   0x00001358       0xc4 ./obj/scheduler.o
 .debug_frame   0x0000141c       0x28 ./obj/thread_delayGreen.o
 .debug_frame   0x00001444       0x70 ./obj/board.o
 .debug_frame   0x000014b4       0x28 ./obj/thread_delayBlue.o
 .debug_frame   0x000014dc       0x28 ./obj/thread_SPThread1.o
 .debug_frame   0x00001504       0x54 ./obj/gec.o
 .debug_frame   0x00001558      0x158 ./obj/uart.o
 .debug_frame   0x000016b0       0x7c ./obj/idle.o
 .debug_frame   0x0000172c       0x34 ./obj/threadauto_appinit.o
 .debug_frame   0x00001760       0x50 ./obj/isr.o
 .debug_frame   0x000017b0       0x28 ./obj/thread_mutexRed.o
 .debug_frame   0x000017d8       0x2c ./obj/thread_messagerecv.o
 .debug_frame   0x00001804       0xe4 ./obj/mem.o
 .debug_frame   0x000018e8       0x50 ./obj/irq.o
 .debug_frame   0x00001938       0x28 ./obj/thread_mutexGreen.o
 .debug_frame   0x00001960       0x28 ./obj/thread_rulechoose.o
 .debug_frame   0x00001988       0x28 ./obj/thread_mutexBlue.o
 .debug_frame   0x000019b0       0x2c e:/ahl-gec-ide(4.36)/gcc/bin/../lib/gcc/arm-none-eabi/7.2.1/../../../../arm-none-eabi/lib/thumb/v7e-m/fpv4-sp/hard\libc_nano.a(lib_a-init.o)
 .debug_frame   0x000019dc       0x28 e:/ahl-gec-ide(4.36)/gcc/bin/../lib/gcc/arm-none-eabi/7.2.1/../../../../arm-none-eabi/lib/thumb/v7e-m/fpv4-sp/hard\libc_nano.a(lib_a-memcpy-stub.o)
 .debug_frame   0x00001a04       0x20 e:/ahl-gec-ide(4.36)/gcc/bin/../lib/gcc/arm-none-eabi/7.2.1/../../../../arm-none-eabi/lib/thumb/v7e-m/fpv4-sp/hard\libc_nano.a(lib_a-memset.o)
 .debug_frame   0x00001a24       0x28 e:/ahl-gec-ide(4.36)/gcc/bin/../lib/gcc/arm-none-eabi/7.2.1/../../../../arm-none-eabi/lib/thumb/v7e-m/fpv4-sp/hard\libc_nano.a(lib_a-strcat.o)
 .debug_frame   0x00001a4c       0xac e:/ahl-gec-ide(4.36)/gcc/bin/../lib/gcc/arm-none-eabi/7.2.1/thumb/v7e-m/fpv4-sp/hard\libgcc.a(_arm_addsubdf3.o)
 .debug_frame   0x00001af8       0x50 e:/ahl-gec-ide(4.36)/gcc/bin/../lib/gcc/arm-none-eabi/7.2.1/thumb/v7e-m/fpv4-sp/hard\libgcc.a(_arm_muldivdf3.o)
 .debug_frame   0x00001b48       0xc4 e:/ahl-gec-ide(4.36)/gcc/bin/../lib/gcc/arm-none-eabi/7.2.1/thumb/v7e-m/fpv4-sp/hard\libgcc.a(_arm_cmpdf2.o)
 .debug_frame   0x00001c0c       0x24 e:/ahl-gec-ide(4.36)/gcc/bin/../lib/gcc/arm-none-eabi/7.2.1/thumb/v7e-m/fpv4-sp/hard\libgcc.a(_arm_fixunsdfsi.o)
 .debug_frame   0x00001c30       0x2c e:/ahl-gec-ide(4.36)/gcc/bin/../lib/gcc/arm-none-eabi/7.2.1/thumb/v7e-m/fpv4-sp/hard\libgcc.a(_aeabi_uldivmod.o)
 .debug_frame   0x00001c5c       0x2c e:/ahl-gec-ide(4.36)/gcc/bin/../lib/gcc/arm-none-eabi/7.2.1/thumb/v7e-m/fpv4-sp/hard\libgcc.a(_fixunsdfdi.o)
 .debug_frame   0x00001c88       0x34 e:/ahl-gec-ide(4.36)/gcc/bin/../lib/gcc/arm-none-eabi/7.2.1/thumb/v7e-m/fpv4-sp/hard\libgcc.a(_udivmoddi4.o)
